app/hooks/useThemedNavigation.tsx(9,11): error TS2339: Property 'isDark' does not exist on type 'ThemeContextType'.
app/screens/parallax.tsx(228,63): error TS2345: Argument of type '"/(drawer)/(tabs)"' is not assignable to parameter of type 'RelativePathString | ExternalPathString | "/" | `/?${string}` | `/#${string}` | "/login" | `/login?${string}` | `/login#${string}` | "/_sitemap" | `/_sitemap?${string}` | `/_sitemap#${string}` | ... 115 more ... | { ...; }'.
app/screens/parallax.tsx(231,63): error TS2345: Argument of type '"/screens/signup"' is not assignable to parameter of type 'RelativePathString | ExternalPathString | "/" | `/?${string}` | `/#${string}` | "/login" | `/login?${string}` | `/login#${string}` | "/_sitemap" | `/_sitemap?${string}` | `/_sitemap#${string}` | ... 115 more ... | { ...; }'.
app/screens/parallax.tsx(234,63): error TS2345: Argument of type '"/(drawer)/(tabs)"' is not assignable to parameter of type 'RelativePathString | ExternalPathString | "/" | `/?${string}` | `/#${string}` | "/login" | `/login?${string}` | `/login#${string}` | "/_sitemap" | `/_sitemap?${string}` | `/_sitemap#${string}` | ... 115 more ... | { ...; }'.
components/ThemeToggle.tsx(14,11): error TS2339: Property 'isDark' does not exist on type 'ThemeContextType'.
components/ThemeToggleNew.tsx(14,11): error TS2339: Property 'isDark' does not exist on type 'ThemeContextType'.
constants/orderStates.ts(26,14): error TS2741: Property 'visita' is missing in type '{ pending: string; assigned: string; in_progress: string; completed: string; cancelled: string; hard: string; }' but required in type 'Record<OrderStatus, string>'.
constants/orderStates.ts(38,14): error TS2741: Property 'visita' is missing in type '{ pending: string; assigned: string; in_progress: string; completed: string; cancelled: string; hard: string; }' but required in type 'Record<OrderStatus, string>'.
constants/orderStates.ts(50,14): error TS2741: Property 'visita' is missing in type '{ pending: string; assigned: string; in_progress: string; completed: string; cancelled: string; hard: string; }' but required in type 'Record<OrderStatus, string>'.
